src/App.tsx(1,8): error TS6133: 'React' is declared but its value is never read.
src/components/Dashboard.tsx(7,33): error TS1484: 'PolicyId' is a type and must be imported using a type-only import when 'verbatimModuleSyntax' is enabled.
src/components/MetricsPanel.tsx(3,10): error TS1484: 'GameState' is a type and must be imported using a type-only import when 'verbatimModuleSyntax' is enabled.
src/components/MetricsPanel.tsx(29,74): error TS2322: Type '{ className: string; blur: string; }' is not assignable to type 'DetailedHTMLProps<HTMLAttributes<HTMLDivElement>, HTMLDivElement>'.
  Property 'blur' does not exist on type 'DetailedHTMLProps<HTMLAttributes<HTMLDivElement>, HTMLDivElement>'.
src/components/NeuralSphere.tsx(1,8): error TS6133: 'React' is declared but its value is never read.
src/components/NeuralSphere.tsx(62,44): error TS6133: 'n' is declared but its value is never read.
src/components/PolicyCards.tsx(3,20): error TS1484: 'PolicyDecision' is a type and must be imported using a type-only import when 'verbatimModuleSyntax' is enabled.
src/components/PolicyCards.tsx(3,36): error TS1484: 'PolicyId' is a type and must be imported using a type-only import when 'verbatimModuleSyntax' is enabled.
src/services/aiService.ts(2,10): error TS1484: 'GameState' is a type and must be imported using a type-only import when 'verbatimModuleSyntax' is enabled.
src/services/aiService.ts(2,21): error TS1484: 'PolicyDecision' is a type and must be imported using a type-only import when 'verbatimModuleSyntax' is enabled.
src/services/aiService.ts(16,3): error TS6133: 'currentState' is declared but its value is never read.
src/store/gameStore.ts(2,10): error TS1484: 'GameState' is a type and must be imported using a type-only import when 'verbatimModuleSyntax' is enabled.
src/store/gameStore.ts(2,21): error TS1484: 'PolicyDecision' is a type and must be imported using a type-only import when 'verbatimModuleSyntax' is enabled.
src/store/gameStore.ts(2,37): error TS1484: 'PolicyId' is a type and must be imported using a type-only import when 'verbatimModuleSyntax' is enabled.
